This is pdfTeX, Version 3.141592653-2.6-1.40.29 (MiKTeX 26.5) (preloaded format=pdflatex 2026.6.9)  21 JUL 2026 21:07
entering extended mode
 restricted \write18 enabled.
 %&-line parsing enabled.
**./main.tex
(main.tex
LaTeX2e <2026-06-01>
L3 programming layer <2026-05-26>
(C:\Users\noemi\AppData\Local\Programs\MiKTeX\tex/latex/base\article.cls
Document Class: article 2025/01/22 v1.4n Standard LaTeX document class
(C:\Users\noemi\AppData\Local\Programs\MiKTeX\tex/latex/base\size12.clo
File: size12.clo 2025/01/22 v1.4n Standard LaTeX file (size option)
)
\c@part=\count276
\c@section=\count277
\c@subsection=\count278
\c@subsubsection=\count279
\c@paragraph=\count280
\c@subparagraph=\count281
\c@figure=\count282
\c@table=\count283
\abovecaptionskip=\skip49
\belowcaptionskip=\skip50
\bibindent=\dimen150
)
(C:\Users\noemi\AppData\Local\Programs\MiKTeX\tex/generic/babel\babel.sty
Package: babel 2026/05/20 v26.8 The multilingual framework for LuaLaTeX, pdfLaT
eX and XeLaTeX
\babel@savecnt=\count284
LaTeX Encoding Info:    Redeclaring text command \ij (encoding OT1) on input li
ne 2084.
LaTeX Encoding Info:    Redeclaring text command \IJ (encoding OT1) on input li
ne 2086.
LaTeX Encoding Info:    Redeclaring text command \ij (encoding T1) on input lin
e 2088.
LaTeX Encoding Info:    Redeclaring text command \IJ (encoding T1) on input lin
e 2089.
LaTeX Encoding Info:    Ignoring declaration for text command \ij (encoding ?) 
on input line 2090.
LaTeX Encoding Info:    Ignoring declaration for text command \IJ (encoding ?) 
on input line 2092.
LaTeX Encoding Info:    Ignoring declaration for text command \SS (encoding ?) 
on input line 2117.
\U@D=\dimen151
\l@unhyphenated=\language79

(C:\Users\noemi\AppData\Local\Programs\MiKTeX\tex/generic/babel\txtbabel.def)
\bbl@readstream=\read2
\bbl@dirlevel=\count285
Package babel Info: Configuration files are deprecated, as
(babel)             they can break document portability.
(babel)             Reported on input line 4228.

*************************************
* Local config file bblopts.cfg used
*
(C:\Users\noemi\AppData\Local\Programs\MiKTeX\tex/latex/arabi\bblopts.cfg
File: bblopts.cfg 2005/09/08 v0.1 add Arabic and Farsi to "declared" options of
 babel
)
(C:\Users\noemi\AppData\Local\Programs\MiKTeX\tex/generic/babel/locale/it\babel
-italian.tex)
Package babel Info: Importing font and identification data for italian
(babel)             from babel-it.ini. Reported on input line 4356.

(C:\Users\noemi\AppData\Local\Programs\MiKTeX\tex/latex/babel-italian\italian.l
df
Language: italian 2026/01/13 v.1.5.02 Italian support for the babel system
\it@lettering=\count286
\it@doublequoteactive=\count287
\it@ISOcompliance=\count288
))
(C:\Users\noemi\AppData\Local\Programs\MiKTeX\tex/latex/etoolbox\etoolbox.sty
Package: etoolbox 2025/10/02 v2.5m e-TeX tools for LaTeX (JAW)
\etb@tempcnta=\count289
)
(C:\Users\noemi\AppData\Local\Programs\MiKTeX\tex/latex/base\inputenc.sty
Package: inputenc 2024/02/08 v1.3d Input encoding file
\inpenc@prehook=\toks17
\inpenc@posthook=\toks18
)
(C:\Users\noemi\AppData\Local\Programs\MiKTeX\tex/latex/base\fontenc.sty
Package: fontenc 2025/07/18 v2.1d Standard LaTeX package
)
(C:\Users\noemi\AppData\Local\Programs\MiKTeX\tex/latex/graphics\graphicx.sty
Package: graphicx 2026-05-17 v1.2e Enhanced LaTeX Graphics (DPC,SPQR)

(C:\Users\noemi\AppData\Local\Programs\MiKTeX\tex/latex/graphics\keyval.sty
Package: keyval 2026-05-17 v1.15 key=value parser (DPC)
\KV@toks@=\toks19
)
(C:\Users\noemi\AppData\Local\Programs\MiKTeX\tex/latex/graphics\graphics.sty
Package: graphics 2026-05-17 v1.4h Standard LaTeX Graphics (DPC,SPQR)

(C:\Users\noemi\AppData\Local\Programs\MiKTeX\tex/latex/graphics\trig.sty
Package: trig 2023/12/02 v1.11 sin cos tan (DPC)
)
(C:\Users\noemi\AppData\Local\Programs\MiKTeX\tex/latex/graphics-cfg\graphics.c
fg
File: graphics.cfg 2016/06/04 v1.11 sample graphics configuration
)
Package graphics Info: Driver file: pdftex.def on input line 106.

(C:\Users\noemi\AppData\Local\Programs\MiKTeX\tex/latex/graphics-def\pdftex.def
File: pdftex.def 2025/09/29 v1.2d Graphics/color driver for pdftex
))
\Gin@req@height=\dimen152
\Gin@req@width=\dimen153
) (C:\Users\noemi\AppData\Local\Programs\MiKTeX\tex/latex/float\float.sty
Package: float 2001/11/08 v1.3d Float enhancements (AL)
\c@float@type=\count290
\float@exts=\toks20
\float@box=\box53
\@float@everytoks=\toks21
\@floatcapt=\box54
)
(C:\Users\noemi\AppData\Local\Programs\MiKTeX\tex/latex/amsmath\amsmath.sty
Package: amsmath 2026/05/19 v2.18d AMS math features
\@mathmargin=\skip51

For additional information on amsmath, use the `?' option.
(C:\Users\noemi\AppData\Local\Programs\MiKTeX\tex/latex/amsmath\amstext.sty
Package: amstext 2024/11/17 v2.01 AMS text

(C:\Users\noemi\AppData\Local\Programs\MiKTeX\tex/latex/amsmath\amsgen.sty
File: amsgen.sty 1999/11/30 v2.0 generic functions
\@emptytoks=\toks22
\ex@=\dimen154
))
(C:\Users\noemi\AppData\Local\Programs\MiKTeX\tex/latex/amsmath\amsbsy.sty
Package: amsbsy 1999/11/29 v1.2d Bold Symbols
\pmbraise@=\dimen155
)
(C:\Users\noemi\AppData\Local\Programs\MiKTeX\tex/latex/amsmath\amsopn.sty
Package: amsopn 2022/04/08 v2.04 operator names
)
\inf@bad=\count291
LaTeX Info: Redefining \frac on input line 233.
\uproot@=\count292
\leftroot@=\count293
LaTeX Info: Redefining \overline on input line 398.
LaTeX Info: Redefining \colon on input line 409.
\classnum@=\count294
\DOTSCASE@=\count295
LaTeX Info: Redefining \ldots on input line 495.
LaTeX Info: Redefining \dots on input line 498.
LaTeX Info: Redefining \cdots on input line 619.
\Mathstrutbox@=\box55
\strutbox@=\box56
LaTeX Info: Redefining \big on input line 721.
LaTeX Info: Redefining \Big on input line 722.
LaTeX Info: Redefining \bigg on input line 723.
LaTeX Info: Redefining \Bigg on input line 724.
\big@size=\dimen156
LaTeX Font Info:    Redeclaring font encoding OML on input line 742.
LaTeX Font Info:    Redeclaring font encoding OMS on input line 743.
\macc@depth=\count296
LaTeX Info: Redefining \bmod on input line 904.
LaTeX Info: Redefining \pmod on input line 909.
LaTeX Info: Redefining \smash on input line 939.
LaTeX Info: Redefining \relbar on input line 969.
LaTeX Info: Redefining \Relbar on input line 970.
\c@MaxMatrixCols=\count297
\dotsspace@=\muskip17
\c@parentequation=\count298
\dspbrk@lvl=\count299
\tag@help=\toks23
\row@=\count300
\column@=\count301
\maxfields@=\count302
\andhelp@=\toks24
\eqnshift@=\dimen157
\alignsep@=\dimen158
\tagshift@=\dimen159
\tagwidth@=\dimen160
\totwidth@=\dimen161
\lineht@=\dimen162
\@envbody=\toks25
\multlinegap=\skip52
\multlinetaggap=\skip53
\mathdisplay@stack=\toks26
LaTeX Info: Redefining \[ on input line 2965.
LaTeX Info: Redefining \] on input line 2966.
)
(C:\Users\noemi\AppData\Local\Programs\MiKTeX\tex/latex/booktabs\booktabs.sty
Package: booktabs 2020/01/12 v1.61803398 Publication quality tables
\heavyrulewidth=\dimen163
\lightrulewidth=\dimen164
\cmidrulewidth=\dimen165
\belowrulesep=\dimen166
\belowbottomsep=\dimen167
\aboverulesep=\dimen168
\abovetopsep=\dimen169
\cmidrulesep=\dimen170
\cmidrulekern=\dimen171
\defaultaddspace=\dimen172
\@cmidla=\count303
\@cmidlb=\count304
\@aboverulesep=\dimen173
\@belowrulesep=\dimen174
\@thisruleclass=\count305
\@lastruleclass=\count306
\@thisrulewidth=\dimen175
)
(C:\Users\noemi\AppData\Local\Programs\MiKTeX\tex/latex/geometry\geometry.sty
Package: geometry 2026/03/07 v6.0 Page Geometry

(C:\Users\noemi\AppData\Local\Programs\MiKTeX\tex/generic/iftex\ifvtex.sty
Package: ifvtex 2019/10/25 v1.7 ifvtex legacy package. Use iftex instead.

(C:\Users\noemi\AppData\Local\Programs\MiKTeX\tex/generic/iftex\iftex.sty
Package: iftex 2024/12/12 v1.0g TeX engine tests
))
\Gm@cnth=\count307
\Gm@cntv=\count308
\c@Gm@tempcnt=\count309
\Gm@bindingoffset=\dimen176
\Gm@wd@mp=\dimen177
\Gm@odd@mp=\dimen178
\Gm@even@mp=\dimen179
\Gm@layoutwidth=\dimen180
\Gm@layoutheight=\dimen181
\Gm@layouthoffset=\dimen182
\Gm@layoutvoffset=\dimen183
\Gm@dimlist=\toks27

(C:\Users\noemi\AppData\Local\Programs\MiKTeX\tex/latex/geometry\geometry.cfg))
(C:\Users\noemi\AppData\Local\Programs\MiKTeX\tex/latex/caption\caption.sty
Package: caption 2023/08/05 v3.6o Customizing captions (AR)

(C:\Users\noemi\AppData\Local\Programs\MiKTeX\tex/latex/caption\caption3.sty
Package: caption3 2023/07/31 v2.4d caption3 kernel (AR)
\caption@tempdima=\dimen184
\captionmargin=\dimen185
\caption@leftmargin=\dimen186
\caption@rightmargin=\dimen187
\caption@width=\dimen188
\caption@indent=\dimen189
\caption@parindent=\dimen190
\caption@hangindent=\dimen191
Package caption Info: Standard document class detected.
)
\c@caption@flags=\count310
\c@continuedfloat=\count311
Package caption Info: float package is loaded.
)
(C:\Users\noemi\AppData\Local\Programs\MiKTeX\tex/latex/caption\subcaption.sty
Package: subcaption 2023/07/28 v1.6b Sub-captions (AR)
Package caption Info: New subtype `subfigure' on input line 238.
\c@subfigure=\count312
Package caption Info: New subtype `subtable' on input line 238.
\c@subtable=\count313
) (C:\Users\noemi\AppData\Local\Programs\MiKTeX\tex/generic/soul\soul.sty
Package: soul 2026-03-06 v3.2 Permit use of UTF-8 characters in soul (HO)

(C:\Users\noemi\AppData\Local\Programs\MiKTeX\tex/generic/soul\soul-ori.sty
Package: soul-ori 2026-03-06 v3.2 letterspacing/underlining (mf)
\SOUL@word=\toks28
\SOUL@lasttoken=\toks29
\SOUL@syllable=\toks30
\SOUL@cmds=\toks31
\SOUL@buffer=\toks32
\SOUL@token=\toks33
\SOUL@syllgoal=\dimen192
\SOUL@syllwidth=\dimen193
\SOUL@charkern=\dimen194
\SOUL@hyphkern=\dimen195
\SOUL@dimen=\dimen196
\SOUL@dimeni=\dimen197
\SOUL@minus=\count314
\SOUL@comma=\count315
\SOUL@apo=\count316
\SOUL@grave=\count317
\SOUL@spaceskip=\skip54
\SOUL@ttwidth=\dimen198
\SOUL@uldp=\dimen199
\SOUL@ulht=\dimen256
)
(C:\Users\noemi\AppData\Local\Programs\MiKTeX\tex/generic/infwarerr\infwarerr.s
ty
Package: infwarerr 2019/12/03 v1.5 Providing info/warning/error messages (HO)
)
(C:\Users\noemi\AppData\Local\Programs\MiKTeX\tex/generic/etexcmds\etexcmds.sty
Package: etexcmds 2019/12/15 v1.7 Avoid name clashes with e-TeX commands (HO)
)) (C:\Users\noemi\AppData\Local\Programs\MiKTeX\tex/latex/xcolor\xcolor.sty
Package: xcolor 2024/09/29 v3.02 LaTeX color extensions (UK)

(C:\Users\noemi\AppData\Local\Programs\MiKTeX\tex/latex/graphics-cfg\color.cfg
File: color.cfg 2016/01/02 v1.6 sample color configuration
)
Package xcolor Info: Driver file: pdftex.def on input line 274.
(C:\Users\noemi\AppData\Local\Programs\MiKTeX\tex/latex/graphics\mathcolor.ltx)
Package xcolor Info: Model `cmy' substituted by `cmy0' on input line 1349.
Package xcolor Info: Model `hsb' substituted by `rgb' on input line 1353.
Package xcolor Info: Model `RGB' extended on input line 1365.
Package xcolor Info: Model `HTML' substituted by `rgb' on input line 1367.
Package xcolor Info: Model `Hsb' substituted by `hsb' on input line 1368.
Package xcolor Info: Model `tHsb' substituted by `hsb' on input line 1369.
Package xcolor Info: Model `HSB' substituted by `hsb' on input line 1370.
Package xcolor Info: Model `Gray' substituted by `gray' on input line 1371.
Package xcolor Info: Model `wave' substituted by `hsb' on input line 1372.
) (C:\Users\noemi\AppData\Local\Programs\MiKTeX\tex/latex/url\url.sty
\Urlmuskip=\muskip18
Package: url 2013/09/16  ver 3.4  Verb mode for urls, etc.
)
(C:\Users\noemi\AppData\Local\Programs\MiKTeX\tex/latex/hyperref\hyperref.sty
Package: hyperref 2026-04-24 v7.01q Hypertext links for LaTeX

(C:\Users\noemi\AppData\Local\Programs\MiKTeX\tex/latex/kvsetkeys\kvsetkeys.sty
Package: kvsetkeys 2022-10-05 v1.19 Key value parser (HO)
)
(C:\Users\noemi\AppData\Local\Programs\MiKTeX\tex/generic/kvdefinekeys\kvdefine
keys.sty
Package: kvdefinekeys 2019-12-19 v1.6 Define keys (HO)
)
(C:\Users\noemi\AppData\Local\Programs\MiKTeX\tex/generic/pdfescape\pdfescape.s
ty
Package: pdfescape 2019/12/09 v1.15 Implements pdfTeX's escape features (HO)

(C:\Users\noemi\AppData\Local\Programs\MiKTeX\tex/generic/ltxcmds\ltxcmds.sty
Package: ltxcmds 2023-12-04 v1.26 LaTeX kernel commands for general use (HO)
)
(C:\Users\noemi\AppData\Local\Programs\MiKTeX\tex/generic/pdftexcmds\pdftexcmds
.sty
Package: pdftexcmds 2020-06-27 v0.33 Utility functions of pdfTeX for LuaTeX (HO
)
Package pdftexcmds Info: \pdf@primitive is available.
Package pdftexcmds Info: \pdf@ifprimitive is available.
Package pdftexcmds Info: \pdfdraftmode found.
))
(C:\Users\noemi\AppData\Local\Programs\MiKTeX\tex/latex/hycolor\hycolor.sty
Package: hycolor 2020-01-27 v1.10 Color options for hyperref/bookmark (HO)
)
(C:\Users\noemi\AppData\Local\Programs\MiKTeX\tex/latex/hyperref\nameref.sty
Package: nameref 2026-01-29 v2.58 Cross-referencing by name of section

(C:\Users\noemi\AppData\Local\Programs\MiKTeX\tex/latex/refcount\refcount.sty
Package: refcount 2019/12/15 v3.6 Data extraction from label references (HO)
)
(C:\Users\noemi\AppData\Local\Programs\MiKTeX\tex/generic/gettitlestring\gettit
lestring.sty
Package: gettitlestring 2019/12/15 v1.6 Cleanup title references (HO)

(C:\Users\noemi\AppData\Local\Programs\MiKTeX\tex/latex/kvoptions\kvoptions.sty
Package: kvoptions 2022-06-15 v3.15 Key value format for package options (HO)
))
\c@section@level=\count318
)
(C:\Users\noemi\AppData\Local\Programs\MiKTeX\tex/generic/stringenc\stringenc.s
ty
Package: stringenc 2019/11/29 v1.12 Convert strings between diff. encodings (HO
)
)
\@linkdim=\dimen257
\Hy@linkcounter=\count319
\Hy@pagecounter=\count320
 (C:\Users\noemi\AppData\Local\Programs\MiKTeX\tex/latex/hyperref\pd1enc.def
File: pd1enc.def 2026-04-24 v7.01q Hyperref: PDFDocEncoding definition (HO)
Now handling font encoding PD1 ...
... no UTF-8 mapping file for font encoding PD1
) (C:\Users\noemi\AppData\Local\Programs\MiKTeX\tex/generic/intcalc\intcalc.sty
Package: intcalc 2019/12/15 v1.3 Expandable calculations with integers (HO)
)
\Hy@SavedSpaceFactor=\count321
 (C:\Users\noemi\AppData\Local\Programs\MiKTeX\tex/latex/hyperref\puenc.def
File: puenc.def 2026-04-24 v7.01q Hyperref: PDF Unicode definition (HO)
Now handling font encoding PU ...
... no UTF-8 mapping file for font encoding PU
)
Package hyperref Info: Hyper figures OFF on input line 4199.
Package hyperref Info: Link nesting OFF on input line 4204.
Package hyperref Info: Hyper index ON on input line 4207.
Package hyperref Info: Plain pages OFF on input line 4214.
Package hyperref Info: Backreferencing OFF on input line 4219.
Package hyperref Info: Implicit mode ON; LaTeX internals redefined.
Package hyperref Info: Bookmarks ON on input line 4466.
\c@Hy@tempcnt=\count322
LaTeX Info: Redefining \url on input line 4805.
\XeTeXLinkMargin=\dimen258

(C:\Users\noemi\AppData\Local\Programs\MiKTeX\tex/generic/bitset\bitset.sty
Package: bitset 2019/12/09 v1.3 Handle bit-vector datatype (HO)

(C:\Users\noemi\AppData\Local\Programs\MiKTeX\tex/generic/bigintcalc\bigintcalc
.sty
Package: bigintcalc 2019/12/15 v1.5 Expandable calculations on big integers (HO
)
))
\Fld@menulength=\count323
\Field@Width=\dimen259
\Fld@charsize=\dimen260
Package hyperref Info: Hyper figures OFF on input line 6091.
Package hyperref Info: Link nesting OFF on input line 6096.
Package hyperref Info: Hyper index ON on input line 6099.
Package hyperref Info: backreferencing OFF on input line 6106.
Package hyperref Info: Link coloring OFF on input line 6111.
Package hyperref Info: Link coloring with OCG OFF on input line 6116.
Package hyperref Info: PDF/A mode OFF on input line 6121.
\Hy@abspage=\count324
\c@Item=\count325
\c@Hfootnote=\count326
)
Package hyperref Info: Driver (autodetected): hpdftex.

(C:\Users\noemi\AppData\Local\Programs\MiKTeX\tex/latex/hyperref\hpdftex.def
File: hpdftex.def 2026-04-24 v7.01q Hyperref driver for pdfTeX
\Fld@listcount=\count327
\c@bookmark@seq@number=\count328

(C:\Users\noemi\AppData\Local\Programs\MiKTeX\tex/latex/rerunfilecheck\rerunfil
echeck.sty
Package: rerunfilecheck 2025-06-21 v1.11 Rerun checks for auxiliary files (HO)

(C:\Users\noemi\AppData\Local\Programs\MiKTeX\tex/generic/uniquecounter\uniquec
ounter.sty
Package: uniquecounter 2019/12/15 v1.4 Provide unlimited unique counter (HO)
)
Package uniquecounter Info: New unique counter `rerunfilecheck' on input line 2
84.
)
\Hy@SectionHShift=\skip55
)
(C:\Users\noemi\AppData\Local\Programs\MiKTeX\tex/latex/l3backend\l3backend-pdf
tex.def
File: l3backend-pdftex.def 2026-02-18 L3 backend support: PDF output (pdfTeX)
\l__color_backend_stack_int=\count329
) (main.aux)
\openout1 = `main.aux'.

LaTeX Font Info:    Checking defaults for OML/cmm/m/it on input line 25.
LaTeX Font Info:    ... okay on input line 25.
LaTeX Font Info:    Checking defaults for OMS/cmsy/m/n on input line 25.
LaTeX Font Info:    ... okay on input line 25.
LaTeX Font Info:    Checking defaults for OT1/cmr/m/n on input line 25.
LaTeX Font Info:    ... okay on input line 25.
LaTeX Font Info:    Checking defaults for T1/cmr/m/n on input line 25.
LaTeX Font Info:    ... okay on input line 25.
LaTeX Font Info:    Checking defaults for TS1/cmr/m/n on input line 25.
LaTeX Font Info:    ... okay on input line 25.
LaTeX Font Info:    Checking defaults for OMX/cmex/m/n on input line 25.
LaTeX Font Info:    ... okay on input line 25.
LaTeX Font Info:    Checking defaults for U/cmr/m/n on input line 25.
LaTeX Font Info:    ... okay on input line 25.
LaTeX Font Info:    Checking defaults for PD1/pdf/m/n on input line 25.
LaTeX Font Info:    ... okay on input line 25.
LaTeX Font Info:    Checking defaults for PU/pdf/m/n on input line 25.
LaTeX Font Info:    ... okay on input line 25.
LaTeX Info: Redefining \it@ocap on input line 25.
LaTeX Info: Redefining \it@ccap on input line 25.

(C:\Users\noemi\AppData\Local\Programs\MiKTeX\tex/context/base/mkii\supp-pdf.mk
ii
[Loading MPS to PDF converter (version 2006.09.02).]
\scratchcounter=\count330
\scratchdimen=\dimen261
\scratchbox=\box57
\nofMPsegments=\count331
\nofMParguments=\count332
\everyMPshowfont=\toks34
\MPscratchCnt=\count333
\MPscratchDim=\dimen262
\MPnumerator=\count334
\makeMPintoPDFobject=\count335
\everyMPtoPDFconversion=\toks35
)
(C:\Users\noemi\AppData\Local\Programs\MiKTeX\tex/latex/epstopdf-pkg\epstopdf-b
ase.sty
Package: epstopdf-base 2020-01-24 v2.11 Base part for package epstopdf
Package epstopdf-base Info: Redefining graphics rule for `.eps' on input line 4
85.

(C:\Users\noemi\AppData\Local\Programs\MiKTeX\tex/latex/00miktex\epstopdf-sys.c
fg
File: epstopdf-sys.cfg 2021/03/18 v2.0 Configuration of epstopdf for MiKTeX
))
*geometry* driver: auto-detecting
*geometry* detected driver: pdftex
*geometry* verbose mode - [ preamble ] result:
* driver: pdftex
* paper: a4paper
* layout: <same size as paper>
* layoutoffset:(h,v)=(0.0pt,0.0pt)
* modes: 
* h-part:(L,W,R)=(71.13188pt, 455.24411pt, 71.13188pt)
* v-part:(T,H,B)=(71.13188pt, 702.78308pt, 71.13188pt)
* \paperwidth=597.50787pt
* \paperheight=845.04684pt
* \textwidth=455.24411pt
* \textheight=702.78308pt
* \oddsidemargin=-1.1381pt
* \evensidemargin=-1.1381pt
* \topmargin=-38.1381pt
* \headheight=12.0pt
* \headsep=25.0pt
* \topskip=12.0pt
* \footskip=30.0pt
* \marginparwidth=35.0pt
* \marginparsep=10.0pt
* \columnsep=10.0pt
* \skip\footins=10.8pt plus 4.0pt minus 2.0pt
* \hoffset=0.0pt
* \voffset=0.0pt
* \mag=1000
* \@twocolumnfalse
* \@twosidefalse
* \@mparswitchfalse
* \@reversemarginfalse
* (1in=72.27pt=25.4mm, 1cm=28.453pt)

Package caption Info: Begin \AtBeginDocument code.
Package caption Info: hyperref package is loaded.
Package caption Info: End \AtBeginDocument code.
Package hyperref Info: Link coloring OFF on input line 25.
(main.out) (main.out)
\@outlinefile=\write3
\openout3 = `main.out'.

 (main.toc [1

{C:/Users/noemi/AppData/Local/MiKTeX/fonts/map/pdftex/pdftex.map}])
\tf@toc=\write4
\openout4 = `main.toc'.

 [2] (sections/introduction.tex [3] [4])
(sections/methods.tex

LaTeX Warning: Citation `Kaggle' on page 5 undefined on input line 6.

[5] [6] [7] [8] [9] [10] [11] [12] [13] [14] [15] [16]

LaTeX Warning: Citation `multiple' on page 17 undefined on input line 967.

[17] [18] [19] [20]
Overfull \hbox (64.61797pt too wide) in paragraph at lines 1399--1404
[]\T1/cmr/m/n/12 Sono sta-ti uti-liz-za-ti pe-na-liz-za-zio-ne $\OML/cmm/m/it/1
2 L[]$\T1/cmr/m/n/12 , sol-ver \T1/cmtt/m/n/12 lbfgs\T1/cmr/m/n/12 , \T1/cmtt/m
/n/12 max_iter\T1/cmr/m/n/12 =5000 e \T1/cmtt/m/n/12 class_weight="balanced"\T1
/cmr/m/n/12 .
 []

[21] [22]) (sections/results.tex
<../figures/1b_channel_effect_size_topomaps.png, id=498, 1250.271pt x 434.1018p
t>
File: ../figures/1b_channel_effect_size_topomaps.png Graphic file (type png)
<use ../figures/1b_channel_effect_size_topomaps.png>
Package pdftex.def Info: ../figures/1b_channel_effect_size_topomaps.png  used o
n input line 43.
(pdftex.def)             Requested size: 455.24411pt x 158.06497pt.
 [23] [24 <../figures/1b_channel_effect_size_topomaps.png>]
<../figures/1b_regional_effect_size.png, id=516, 560.3334pt x 352.1958pt>
File: ../figures/1b_regional_effect_size.png Graphic file (type png)
<use ../figures/1b_regional_effect_size.png>
Package pdftex.def Info: ../figures/1b_regional_effect_size.png  used on input 
line 107.
(pdftex.def)             Requested size: 373.3035pt x 234.64256pt.
 [25 <../figures/1b_regional_effect_size.png>]
<../figures/1b_FDR_significant_features.png, id=525, 857.3631pt x 297.9933pt>
File: ../figures/1b_FDR_significant_features.png Graphic file (type png)
<use ../figures/1b_FDR_significant_features.png>
Package pdftex.def Info: ../figures/1b_FDR_significant_features.png  used on in
put line 179.
(pdftex.def)             Requested size: 386.96027pt x 134.49588pt.
<../figures/1b_channel_spearman_correlation_networks_horizontal.png, id=526, 14
35.5231pt x 730.4088pt>
File: ../figures/1b_channel_spearman_correlation_networks_horizontal.png Graphi
c file (type png)
<use ../figures/1b_channel_spearman_correlation_networks_horizontal.png>
Package pdftex.def Info: ../figures/1b_channel_spearman_correlation_networks_ho
rizontal.png  used on input line 206.
(pdftex.def)             Requested size: 455.24411pt x 231.62915pt.
 [26 <../figures/1b_FDR_significant_features.png>]
<../figures/1b_channel_correlation_distributions_by_band.png, id=535, 1076.1003
pt x 636.9396pt>
File: ../figures/1b_channel_correlation_distributions_by_band.png Graphic file 
(type png)
<use ../figures/1b_channel_correlation_distributions_by_band.png>
Package pdftex.def Info: ../figures/1b_channel_correlation_distributions_by_ban
d.png  used on input line 224.
(pdftex.def)             Requested size: 455.24411pt x 269.45659pt.
 [27 <../figures/1b_channel_spearman_correlation_networks_horizontal.png> <../f
igures/1b_channel_correlation_distributions_by_band.png>]
<../figures/1b_regional_correlation_distributions_by_band.png, id=544, 1076.100
3pt x 636.4578pt>
File: ../figures/1b_regional_correlation_distributions_by_band.png Graphic file
 (type png)
<use ../figures/1b_regional_correlation_distributions_by_band.png>
Package pdftex.def Info: ../figures/1b_regional_correlation_distributions_by_ba
nd.png  used on input line 238.
(pdftex.def)             Requested size: 455.24411pt x 269.25276pt.
<../figures/2a_rf_feature_set_comparison.png, id=545, 854.9541pt x 887.4756pt>
File: ../figures/2a_rf_feature_set_comparison.png Graphic file (type png)
<use ../figures/2a_rf_feature_set_comparison.png>
Package pdftex.def Info: ../figures/2a_rf_feature_set_comparison.png  used on i
nput line 296.
(pdftex.def)             Requested size: 409.71692pt x 425.30637pt.
 [28 <../figures/1b_regional_correlation_distributions_by_band.png>]
[29 <../figures/2a_rf_feature_set_comparison.png>]
<../figures/2a_rf_original_best_feature_set_confusion_matrix.png, id=564, 384.7
173pt x 339.9099pt>
File: ../figures/2a_rf_original_best_feature_set_confusion_matrix.png Graphic f
ile (type png)
<use ../figures/2a_rf_original_best_feature_set_confusion_matrix.png>
Package pdftex.def Info: ../figures/2a_rf_original_best_feature_set_confusion_m
atrix.png  used on input line 353.
(pdftex.def)             Requested size: 264.0424pt x 233.30367pt.
<../figures/2a_rf_original_best_feature_set_roc_curve.png, id=565, 323.0469pt x
 339.9099pt>
File: ../figures/2a_rf_original_best_feature_set_roc_curve.png Graphic file (ty
pe png)
<use ../figures/2a_rf_original_best_feature_set_roc_curve.png>
Package pdftex.def Info: ../figures/2a_rf_original_best_feature_set_roc_curve.p
ng  used on input line 367.
(pdftex.def)             Requested size: 264.0424pt x 277.83582pt.
 [30 <../figures/2a_rf_original_best_feature_set_confusion_matrix.png>]
<../figures/2a_rf_best_feature_set_feature_importance_top10.png, id=572, 714.50
94pt x 571.1739pt>
File: ../figures/2a_rf_best_feature_set_feature_importance_top10.png Graphic fi
le (type png)
<use ../figures/2a_rf_best_feature_set_feature_importance_top10.png>
Package pdftex.def Info: ../figures/2a_rf_best_feature_set_feature_importance_t
op10.png  used on input line 384.
(pdftex.def)             Requested size: 373.3035pt x 298.41531pt.
 [31 <../figures/2a_rf_original_best_feature_set_roc_curve.png>] [32 <../figure
s/2a_rf_best_feature_set_feature_importance_top10.png>]
<../figures/2a_rf_correlation_reduced_feature_set_confusion_matrix.png, id=589,
 391.2216pt x 339.9099pt>
File: ../figures/2a_rf_correlation_reduced_feature_set_confusion_matrix.png Gra
phic file (type png)
<use ../figures/2a_rf_correlation_reduced_feature_set_confusion_matrix.png>
Package pdftex.def Info: ../figures/2a_rf_correlation_reduced_feature_set_confu
sion_matrix.png  used on input line 492.
(pdftex.def)             Requested size: 264.0424pt x 229.40852pt.
<../figures/2a_rf_correlation_reduced_feature_set_roc_curve.png, id=590, 323.04
69pt x 339.9099pt>
File: ../figures/2a_rf_correlation_reduced_feature_set_roc_curve.png Graphic fi
le (type png)
<use ../figures/2a_rf_correlation_reduced_feature_set_roc_curve.png>
Package pdftex.def Info: ../figures/2a_rf_correlation_reduced_feature_set_roc_c
urve.png  used on input line 501.
(pdftex.def)             Requested size: 264.0424pt x 277.83582pt.
 [33 <../figures/2a_rf_correlation_reduced_feature_set_confusion_matrix.png>] [
34 <../figures/2a_rf_correlation_reduced_feature_set_roc_curve.png>]
<../figures/2a_rf_theta_beta_ratio_feature_set_confusion_matrix.png, id=605, 39
1.2216pt x 339.9099pt>
File: ../figures/2a_rf_theta_beta_ratio_feature_set_confusion_matrix.png Graphi
c file (type png)
<use ../figures/2a_rf_theta_beta_ratio_feature_set_confusion_matrix.png>
Package pdftex.def Info: ../figures/2a_rf_theta_beta_ratio_feature_set_confusio
n_matrix.png  used on input line 641.
(pdftex.def)             Requested size: 264.0424pt x 229.40852pt.
 [35]
<../figures/2a_rf_theta_beta_ratio_feature_set_roc_curve.png, id=613, 325.4559p
t x 339.9099pt>
File: ../figures/2a_rf_theta_beta_ratio_feature_set_roc_curve.png Graphic file 
(type png)
<use ../figures/2a_rf_theta_beta_ratio_feature_set_roc_curve.png>
Package pdftex.def Info: ../figures/2a_rf_theta_beta_ratio_feature_set_roc_curv
e.png  used on input line 650.
(pdftex.def)             Requested size: 264.0424pt x 275.78192pt.
 [36 <../figures/2a_rf_theta_beta_ratio_feature_set_confusion_matrix.png> <../f
igures/2a_rf_theta_beta_ratio_feature_set_roc_curve.png>]
Overfull \hbox (30.80504pt too wide) in paragraph at lines 692--698
[]\T1/cmr/m/n/12 La Lo-gi-stic Re-gres-sion è sta-ta uti-liz-za-ta con pe-na-li
z-za-zio-ne L2, sol-ver \T1/cmtt/m/n/12 lbfgs\T1/cmr/m/n/12 , \T1/cmtt/m/n/12 m
ax_iter\T1/cmr/m/n/12 =5000
 []

[37]
<../figures/2b_logreg_original_best_feature_set_confusion_matrix.png, id=629, 3
91.2216pt x 339.9099pt>
File: ../figures/2b_logreg_original_best_feature_set_confusion_matrix.png Graph
ic file (type png)
<use ../figures/2b_logreg_original_best_feature_set_confusion_matrix.png>
Package pdftex.def Info: ../figures/2b_logreg_original_best_feature_set_confusi
on_matrix.png  used on input line 762.
(pdftex.def)             Requested size: 218.51521pt x 189.85551pt.
<../figures/2b_logreg_original_best_feature_set_roc_curve.png, id=630, 323.0469
pt x 339.9099pt>
File: ../figures/2b_logreg_original_best_feature_set_roc_curve.png Graphic file
 (type png)
<use ../figures/2b_logreg_original_best_feature_set_roc_curve.png>
Package pdftex.def Info: ../figures/2b_logreg_original_best_feature_set_roc_cur
ve.png  used on input line 771.
(pdftex.def)             Requested size: 218.51521pt x 229.92719pt.
 [38 <../figures/2b_logreg_original_best_feature_set_confusion_matrix.png> <../
figures/2b_logreg_original_best_feature_set_roc_curve.png>]
<../figures/2b_logreg_correlation_reduced_feature_set_confusion_matrix.png, id=
641, 394.3533pt x 339.9099pt>
File: ../figures/2b_logreg_correlation_reduced_feature_set_confusion_matrix.png
 Graphic file (type png)
<use ../figures/2b_logreg_correlation_reduced_feature_set_confusion_matrix.png>

Package pdftex.def Info: ../figures/2b_logreg_correlation_reduced_feature_set_c
onfusion_matrix.png  used on input line 847.
(pdftex.def)             Requested size: 218.51521pt x 188.3514pt.
<../figures/2b_logreg_correlation_reduced_feature_set_roc_curve.png, id=642, 41
4.1071pt x 339.9099pt>
File: ../figures/2b_logreg_correlation_reduced_feature_set_roc_curve.png Graphi
c file (type png)
<use ../figures/2b_logreg_correlation_reduced_feature_set_roc_curve.png>
Package pdftex.def Info: ../figures/2b_logreg_correlation_reduced_feature_set_r
oc_curve.png  used on input line 856.
(pdftex.def)             Requested size: 218.51521pt x 179.3682pt.
 [39 <../figures/2b_logreg_correlation_reduced_feature_set_confusion_matrix.png
> <../figures/2b_logreg_correlation_reduced_feature_set_roc_curve.png>]
<../figures/2b_logreg_theta_beta_ratio_feature_set_confusion_matrix.png, id=653
, 391.2216pt x 339.9099pt>
File: ../figures/2b_logreg_theta_beta_ratio_feature_set_confusion_matrix.png Gr
aphic file (type png)
<use ../figures/2b_logreg_theta_beta_ratio_feature_set_confusion_matrix.png>
Package pdftex.def Info: ../figures/2b_logreg_theta_beta_ratio_feature_set_conf
usion_matrix.png  used on input line 932.
(pdftex.def)             Requested size: 218.51521pt x 189.85551pt.
<../figures/2b_logreg_theta_beta_ratio_feature_set_roc_curve.png, id=654, 384.2
355pt x 339.9099pt>
File: ../figures/2b_logreg_theta_beta_ratio_feature_set_roc_curve.png Graphic f
ile (type png)
<use ../figures/2b_logreg_theta_beta_ratio_feature_set_roc_curve.png>
Package pdftex.def Info: ../figures/2b_logreg_theta_beta_ratio_feature_set_roc_
curve.png  used on input line 941.
(pdftex.def)             Requested size: 218.51521pt x 193.3046pt.
 [40] [41 <../figures/2b_logreg_theta_beta_ratio_feature_set_confusion_matrix.p
ng> <../figures/2b_logreg_theta_beta_ratio_feature_set_roc_curve.png>]
<../figures/4a_all_channel_pearson_connectivity_circle_control_vs_adhd.png, id=
672, 1439.8593pt x 762.4485pt>
File: ../figures/4a_all_channel_pearson_connectivity_circle_control_vs_adhd.png
 Graphic file (type png)
<use ../figures/4a_all_channel_pearson_connectivity_circle_control_vs_adhd.png>

Package pdftex.def Info: ../figures/4a_all_channel_pearson_connectivity_circle_
control_vs_adhd.png  used on input line 1033.
(pdftex.def)             Requested size: 455.24411pt x 241.05673pt.
 [42 <../figures/4a_all_channel_pearson_connectivity_circle_control_vs_adhd.png
>] [43]
<../figures/4a_rf_connectivity_best_feature_set_confusion_matrix.png, id=687, 3
91.2216pt x 339.9099pt>
File: ../figures/4a_rf_connectivity_best_feature_set_confusion_matrix.png Graph
ic file (type png)
<use ../figures/4a_rf_connectivity_best_feature_set_confusion_matrix.png>
Package pdftex.def Info: ../figures/4a_rf_connectivity_best_feature_set_confusi
on_matrix.png  used on input line 1166.
(pdftex.def)             Requested size: 264.0424pt x 229.40852pt.
<../figures/4a_rf_connectivity_best_feature_set_roc_curve.png, id=688, 323.0469
pt x 339.9099pt>
File: ../figures/4a_rf_connectivity_best_feature_set_roc_curve.png Graphic file
 (type png)
<use ../figures/4a_rf_connectivity_best_feature_set_roc_curve.png>
Package pdftex.def Info: ../figures/4a_rf_connectivity_best_feature_set_roc_cur
ve.png  used on input line 1179.
(pdftex.def)             Requested size: 264.0424pt x 277.83582pt.
 [44 <../figures/4a_rf_connectivity_best_feature_set_confusion_matrix.png>]
<../figures/4a_rf_connectivity_feature_importance_top15.png, id=697, 714.7503pt
 x 570.4512pt>
File: ../figures/4a_rf_connectivity_feature_importance_top15.png Graphic file (
type png)
<use ../figures/4a_rf_connectivity_feature_importance_top15.png>
Package pdftex.def Info: ../figures/4a_rf_connectivity_feature_importance_top15
.png  used on input line 1218.
(pdftex.def)             Requested size: 373.3035pt x 297.94199pt.
 [45 <../figures/4a_rf_connectivity_best_feature_set_roc_curve.png>]
<../figures/4a_logreg_connectivity_best_feature_set_confusion_matrix.png, id=70
6, 391.2216pt x 339.9099pt>
File: ../figures/4a_logreg_connectivity_best_feature_set_confusion_matrix.png G
raphic file (type png)
<use ../figures/4a_logreg_connectivity_best_feature_set_confusion_matrix.png>
Package pdftex.def Info: ../figures/4a_logreg_connectivity_best_feature_set_con
fusion_matrix.png  used on input line 1260.
(pdftex.def)             Requested size: 264.0424pt x 229.40852pt.
 [46 <../figures/4a_rf_connectivity_feature_importance_top15.png>]) (sections/c
onclusion.tex
<../figures/5_model_comparison_all_metrics.png, id=714, 1428.2961pt x 781.7205p
t>
File: ../figures/5_model_comparison_all_metrics.png Graphic file (type png)
<use ../figures/5_model_comparison_all_metrics.png>
Package pdftex.def Info: ../figures/5_model_comparison_all_metrics.png  used on
 input line 6.
(pdftex.def)             Requested size: 446.13727pt x 244.16777pt.
 [47 <../figures/4a_logreg_connectivity_best_feature_set_confusion_matrix.png> 
<../figures/5_model_comparison_all_metrics.png>] [48] [49] [50] [51] [52]) [53]
 (main.bbl) [54] (main.aux)
 ***********
LaTeX2e <2026-06-01>
L3 programming layer <2026-05-26>
 ***********


LaTeX Warning: There were undefined references.

Package rerunfilecheck Info: File `main.out' has not changed.
(rerunfilecheck)             Checksum: 9E94219E388898FB4EB0E6551FA31A05;12734.
 ) 
Here is how much of TeX's memory you used:
 13933 strings out of 467508
 234342 string characters out of 5408760
 678686 words of memory out of 5000000
 42717 multiletter control sequences out of 15000+600000
 644576 words of font info for 78 fonts, out of 8000000 for 9000
 1141 hyphenation exceptions out of 8191
 74i,9n,79p,851b,649s stack positions out of 10000i,1000n,20000p,200000b,200000s
 <C:\Users\noemi\AppData\Local\MiKTeX\fonts/pk/ljfour/jknappen/ec/dpi600\ectt
1095.pk> <C:\Users\noemi\AppData\Local\MiKTeX\fonts/pk/ljfour/jknappen/ec/dpi60
0\ecrm1095.pk> <C:\Users\noemi\AppData\Local\MiKTeX\fonts/pk/ljfour/jknappen/ec
/dpi600\ecbx1095.pk> <C:\Users\noemi\AppData\Local\MiKTeX\fonts/pk/ljfour/jknap
pen/ec/dpi600\tcrm1200.pk> <C:\Users\noemi\AppData\Local\MiKTeX\fonts/pk/ljfour
/jknappen/ec/dpi600\ectt1200.pk> <C:\Users\noemi\AppData\Local\MiKTeX\fonts/pk/
ljfour/jknappen/ec/dpi600\ecbx1440.pk> <C:\Users\noemi\AppData\Local\MiKTeX\fon
ts/pk/ljfour/jknappen/ec/dpi600\ecti1200.pk> <C:\Users\noemi\AppData\Local\MiKT
eX\fonts/pk/ljfour/jknappen/ec/dpi600\ecrm1200.pk> <C:\Users\noemi\AppData\Loca
l\MiKTeX\fonts/pk/ljfour/jknappen/ec/dpi600\ecbx1200.pk> <C:\Users\noemi\AppDat
a\Local\MiKTeX\fonts/pk/ljfour/jknappen/ec/dpi600\ecbx1728.pk> <C:\Users\noemi\
AppData\Local\MiKTeX\fonts/pk/ljfour/jknappen/ec/dpi600\ecrm1440.pk> <C:\Users\
noemi\AppData\Local\MiKTeX\fonts/pk/ljfour/jknappen/ec/dpi600\ecrm2074.pk><C:/U
sers/noemi/AppData/Local/Programs/MiKTeX/fonts/type1/public/amsfonts/cm/cmbx12.
pfb><C:/Users/noemi/AppData/Local/Programs/MiKTeX/fonts/type1/public/amsfonts/c
m/cmex10.pfb><C:/Users/noemi/AppData/Local/Programs/MiKTeX/fonts/type1/public/a
msfonts/cm/cmmi12.pfb><C:/Users/noemi/AppData/Local/Programs/MiKTeX/fonts/type1
/public/amsfonts/cm/cmmi8.pfb><C:/Users/noemi/AppData/Local/Programs/MiKTeX/fon
ts/type1/public/amsfonts/cm/cmr12.pfb><C:/Users/noemi/AppData/Local/Programs/Mi
KTeX/fonts/type1/public/amsfonts/cm/cmr6.pfb><C:/Users/noemi/AppData/Local/Prog
rams/MiKTeX/fonts/type1/public/amsfonts/cm/cmr8.pfb><C:/Users/noemi/AppData/Loc
al/Programs/MiKTeX/fonts/type1/public/amsfonts/cm/cmsy10.pfb><C:/Users/noemi/Ap
pData/Local/Programs/MiKTeX/fonts/type1/public/amsfonts/cm/cmsy6.pfb><C:/Users/
noemi/AppData/Local/Programs/MiKTeX/fonts/type1/public/amsfonts/cm/cmsy8.pfb>
Output written on main.pdf (54 pages, 9880206 bytes).
PDF statistics:
 1328 PDF objects out of 1440 (max. 8388607)
 268 named destinations out of 1000 (max. 500000)
 595 words of extra memory for PDF output out of 10000 (max. 10000000)

