\BOOKMARK [1][-]{section.1}{\376\377\000I\000n\000t\000r\000o\000d\000u\000z\000i\000o\000n\000e}{}% 1
\BOOKMARK [1][-]{section.2}{\376\377\000M\000e\000t\000o\000d\000i}{}% 2
\BOOKMARK [2][-]{subsection.2.1}{\376\377\000D\000a\000t\000a\000s\000e\000t}{section.2}% 3
\BOOKMARK [2][-]{subsection.2.2}{\376\377\000F\000e\000a\000t\000u\000r\000e\000\040\000e\000x\000t\000r\000a\000c\000t\000i\000o\000n}{section.2}% 4
\BOOKMARK [2][-]{subsection.2.3}{\376\377\000E\000s\000p\000l\000o\000r\000a\000z\000i\000o\000n\000e\000\040\000d\000e\000l\000l\000e\000\040\000f\000e\000a\000t\000u\000r\000e}{section.2}% 5
\BOOKMARK [3][-]{subsubsection.2.3.1}{\376\377\000T\000e\000s\000t\000\040\000d\000i\000\040\000M\000a\000n\000n\000-\000W\000h\000i\000t\000n\000e\000y\000\040\000U}{subsection.2.3}% 6
\BOOKMARK [3][-]{subsubsection.2.3.2}{\376\377\000C\000o\000h\000e\000n\000'\000s\000\040\000d}{subsection.2.3}% 7
\BOOKMARK [3][-]{subsubsection.2.3.3}{\376\377\000C\000o\000r\000r\000e\000z\000i\000o\000n\000e\000\040\000p\000e\000r\000\040\000c\000o\000n\000f\000r\000o\000n\000t\000i\000\040\000m\000u\000l\000t\000i\000p\000l\000i}{subsection.2.3}% 8
\BOOKMARK [2][-]{subsection.2.4}{\376\377\000A\000n\000a\000l\000i\000s\000i\000\040\000d\000i\000\040\000c\000o\000r\000r\000e\000l\000a\000z\000i\000o\000n\000e}{section.2}% 9
\BOOKMARK [2][-]{subsection.2.5}{\376\377\000C\000l\000a\000s\000s\000i\000f\000i\000c\000a\000z\000i\000o\000n\000e\000\040\000c\000o\000n\000\040\000R\000a\000n\000d\000o\000m\000\040\000F\000o\000r\000e\000s\000t}{section.2}% 10
\BOOKMARK [3][-]{subsubsection.2.5.1}{\376\377\000T\000u\000n\000i\000n\000g\000\040\000d\000e\000g\000l\000i\000\040\000i\000p\000e\000r\000p\000a\000r\000a\000m\000e\000t\000r\000i}{subsection.2.5}% 11
\BOOKMARK [3][-]{subsubsection.2.5.2}{\376\377\000F\000e\000a\000t\000u\000r\000e\000\040\000i\000m\000p\000o\000r\000t\000a\000n\000c\000e}{subsection.2.5}% 12
\BOOKMARK [1][-]{section.3}{\376\377\000R\000i\000s\000u\000l\000t\000a\000t\000i}{}% 13
\BOOKMARK [2][-]{subsection.3.1}{\376\377\000D\000i\000f\000f\000e\000r\000e\000n\000z\000e\000\040\000t\000r\000a\000\040\000g\000r\000u\000p\000p\000i\000\040\000e\000d\000\040\000e\000f\000f\000e\000c\000t\000\040\000s\000i\000z\000e}{section.3}% 14
\BOOKMARK [2][-]{subsection.3.2}{\376\377\000F\000e\000a\000t\000u\000r\000e\000\040\000s\000i\000g\000n\000i\000f\000i\000c\000a\000t\000i\000v\000e\000\040\000d\000o\000p\000o\000\040\000c\000o\000r\000r\000e\000z\000i\000o\000n\000e\000\040\000F\000D\000R}{section.3}% 15
\BOOKMARK [2][-]{subsection.3.3}{\376\377\000C\000o\000r\000r\000e\000l\000a\000z\000i\000o\000n\000e\000\040\000t\000r\000a\000\040\000f\000e\000a\000t\000u\000r\000e}{section.3}% 16
\BOOKMARK [3][-]{subsubsection.3.3.1}{\376\377\000C\000o\000r\000r\000e\000l\000a\000z\000i\000o\000n\000i\000\040\000c\000a\000n\000a\000l\000e\000-\000l\000i\000v\000e\000l\000l\000o}{subsection.3.3}% 17
\BOOKMARK [3][-]{subsubsection.3.3.2}{\376\377\000C\000o\000r\000r\000e\000l\000a\000z\000i\000o\000n\000i\000\040\000r\000e\000g\000i\000o\000n\000a\000l\000i}{subsection.3.3}% 18
\BOOKMARK [3][-]{subsubsection.3.3.3}{\376\377\000D\000i\000s\000t\000r\000i\000b\000u\000z\000i\000o\000n\000e\000\040\000d\000e\000l\000l\000e\000\040\000c\000o\000r\000r\000e\000l\000a\000z\000i\000o\000n\000i}{subsection.3.3}% 19
\BOOKMARK [2][-]{subsection.3.4}{\376\377\000C\000l\000a\000s\000s\000i\000f\000i\000c\000a\000z\000i\000o\000n\000e\000\040\000R\000a\000n\000d\000o\000m\000\040\000F\000o\000r\000e\000s\000t}{section.3}% 20
\BOOKMARK [2][-]{subsection.3.5}{\376\377\000P\000e\000r\000f\000o\000r\000m\000a\000n\000c\000e\000\040\000d\000e\000l\000\040\000m\000o\000d\000e\000l\000l\000o\000\040\000f\000i\000n\000a\000l\000e}{section.3}% 21
\BOOKMARK [2][-]{subsection.3.6}{\376\377\000F\000e\000a\000t\000u\000r\000e\000\040\000i\000m\000p\000o\000r\000t\000a\000n\000c\000e}{section.3}% 22
